C:/Users/TerenceLeung/Documents/STM32_Prototyping/ESCOOTER_CONTROL_RTOS/HUB_MOTOR_RTOS/Src/main.c:484:13:startMediumFrequencyTask	8	static
C:/Users/TerenceLeung/Documents/STM32_Prototyping/ESCOOTER_CONTROL_RTOS/HUB_MOTOR_RTOS/Src/main.c:59:6:SystemClock_Config	88	static,ignoring_inline_asm
C:/Users/TerenceLeung/Documents/STM32_Prototyping/ESCOOTER_CONTROL_RTOS/HUB_MOTOR_RTOS/Src/main.c:25:5:main	120	static,ignoring_inline_asm
C:/Users/TerenceLeung/Documents/STM32_Prototyping/ESCOOTER_CONTROL_RTOS/HUB_MOTOR_RTOS/Src/main.c:503:6:HAL_TIM_PeriodElapsedCallback	0	static
C:/Users/TerenceLeung/Documents/STM32_Prototyping/ESCOOTER_CONTROL_RTOS/HUB_MOTOR_RTOS/Src/main.c:520:6:Error_Handler	0	static,ignoring_inline_asm
