C:/Users/TerenceLeung/Documents/STM32_Prototyping/ESCOOTER_CONTROL_RTOS/HUB_MOTOR_RTOS/Src/stm32f4xx_hal_msp.c:65:6:HAL_MspInit	8	static
C:/Users/TerenceLeung/Documents/STM32_Prototyping/ESCOOTER_CONTROL_RTOS/HUB_MOTOR_RTOS/Src/stm32f4xx_hal_msp.c:89:6:HAL_ADC_MspInit	56	static
C:/Users/TerenceLeung/Documents/STM32_Prototyping/ESCOOTER_CONTROL_RTOS/HUB_MOTOR_RTOS/Src/stm32f4xx_hal_msp.c:131:6:HAL_ADC_MspDeInit	8	static
C:/Users/TerenceLeung/Documents/STM32_Prototyping/ESCOOTER_CONTROL_RTOS/HUB_MOTOR_RTOS/Src/stm32f4xx_hal_msp.c:166:6:HAL_TIM_Base_MspInit	48	static
C:/Users/TerenceLeung/Documents/STM32_Prototyping/ESCOOTER_CONTROL_RTOS/HUB_MOTOR_RTOS/Src/stm32f4xx_hal_msp.c:222:6:HAL_TIM_PWM_MspInit	8	static
C:/Users/TerenceLeung/Documents/STM32_Prototyping/ESCOOTER_CONTROL_RTOS/HUB_MOTOR_RTOS/Src/stm32f4xx_hal_msp.c:238:6:HAL_TIM_MspPostInit	56	static
C:/Users/TerenceLeung/Documents/STM32_Prototyping/ESCOOTER_CONTROL_RTOS/HUB_MOTOR_RTOS/Src/stm32f4xx_hal_msp.c:304:6:HAL_TIM_Base_MspDeInit	8	static
C:/Users/TerenceLeung/Documents/STM32_Prototyping/ESCOOTER_CONTROL_RTOS/HUB_MOTOR_RTOS/Src/stm32f4xx_hal_msp.c:353:6:HAL_TIM_PWM_MspDeInit	0	static
C:/Users/TerenceLeung/Documents/STM32_Prototyping/ESCOOTER_CONTROL_RTOS/HUB_MOTOR_RTOS/Src/stm32f4xx_hal_msp.c:375:6:HAL_UART_MspInit	40	static
C:/Users/TerenceLeung/Documents/STM32_Prototyping/ESCOOTER_CONTROL_RTOS/HUB_MOTOR_RTOS/Src/stm32f4xx_hal_msp.c:411:6:HAL_UART_MspDeInit	8	static
